time=2026-03-17T15:32:59.010+05:00 level=INFO msg="API Gateway started successfully!"
time=2026-03-17T15:33:02.796+05:00 level=ERROR msg="Error initializing Redis" error="redis connection failed: dial tcp [::1]:6379: connectex: No connection could be made because the target machine actively refused it."
time=2026-03-17T15:33:18.592+05:00 level=INFO msg="API Gateway started successfully!"
time=2026-03-17T15:33:18.684+05:00 level=ERROR msg="Error creating Casbin adapter" error="pq: trailing junk after parameter at or near \"$1AND\""
time=2026-03-17T15:33:18.684+05:00 level=ERROR msg="Error initializing enforcer" error="pq: trailing junk after parameter at or near \"$1AND\""
time=2026-03-17T16:39:25.658+05:00 level=INFO msg="API Gateway started successfully!"
time=2026-03-17T16:39:25.986+05:00 level=ERROR msg="Error creating Casbin adapter" error="pq: trailing junk after parameter at or near \"$1AND\""
time=2026-03-17T16:39:25.986+05:00 level=ERROR msg="Error initializing enforcer" error="pq: trailing junk after parameter at or near \"$1AND\""
time=2026-03-18T11:58:26.959+05:00 level=INFO msg="API Gateway started successfully!"
time=2026-03-18T11:58:27.675+05:00 level=ERROR msg="Error creating Casbin adapter" error="pq: trailing junk after parameter at or near \"$1AND\""
time=2026-03-18T11:58:27.675+05:00 level=ERROR msg="Error initializing enforcer" error="pq: trailing junk after parameter at or near \"$1AND\""
time=2026-03-18T12:13:14.600+05:00 level=INFO msg="API Gateway started successfully!"
time=2026-03-18T12:13:14.718+05:00 level=ERROR msg="Error creating Casbin adapter" error="pq: trailing junk after parameter at or near \"$1AND\""
time=2026-03-18T12:13:14.718+05:00 level=ERROR msg="Error initializing enforcer" error="pq: trailing junk after parameter at or near \"$1AND\""
time=2026-03-18T14:06:54.195+05:00 level=INFO msg="API Gateway started successfully!"
time=2026-03-18T14:16:38.167+05:00 level=INFO msg="API Gateway started successfully!"
time=2026-03-18T14:25:48.860+05:00 level=INFO msg="API Gateway started successfully!"
time=2026-03-18T14:27:27.528+05:00 level=INFO msg="API Gateway started successfully!"
time=2026-03-18T14:43:25.223+05:00 level=INFO msg="API Gateway started successfully!"
time=2026-03-18T14:55:07.062+05:00 level=INFO msg="API Gateway started successfully!"
time=2026-03-18T15:01:40.162+05:00 level=ERROR msg="Error sending request to NewContractGetName function." error="rpc error: code = Unknown desc = no contract found"
time=2026-03-18T15:02:22.269+05:00 level=ERROR msg="Error sending request to NewContractUpdate function." error="rpc error: code = Unknown desc = pq: duplicate key value violates unique constraint \"production_contract_contract_name_key\" (23505)"
time=2026-03-18T15:05:49.750+05:00 level=ERROR msg="Error sending request to NewContractGetAll function." error="rpc error: code = Unknown desc = failed to fetch production_contract"
time=2026-03-18T15:14:49.801+05:00 level=INFO msg="API Gateway started successfully!"
